
> phonestore-crm@0.1.0 build
> next build

Γû▓ Next.js 16.2.6 (Turbopack)
- Environments: .env.local, .env

node.exe : ΓÜá The "middleware" file convention is deprecated. Please use 
"proxy" instead. Learn more: 
https://nextjs.org/docs/messages/middleware-to-proxy
At line:1 char:1
+ & "C:\Program Files\nodejs/node.exe" "C:\Program Files\nodejs/node_mo ...
+ ~~~~~~~~~~~~~~~~~~~~~~~~~~~~~~~~~~~~~~~~~~~~~~~~~~~~~~~~~~~~~~~~~~~~~
    + CategoryInfo          : NotSpecified: (ΓÜá The "middle...leware-to-proxy 
   :String) [], RemoteException
    + FullyQualifiedErrorId : NativeCommandError
 
  Creating an optimized production build ...
Γ£ô Compiled successfully in 6.8s
  Running TypeScript ...
  Finished TypeScript in 7.5s ...
  Collecting page data using 7 workers ...
  Generating static pages using 7 workers (0/22) ...
  Generating static pages using 7 workers (5/22) 
  Generating static pages using 7 workers (10/22) 
  Generating static pages using 7 workers (16/22) 
Γ£ô Generating static pages using 7 workers (22/22) in 436ms
  Finalizing page optimization ...

Route (app)
Γöî ╞Æ /
Γö£ Γùï /_not-found
Γö£ ╞Æ /api/dashboard
Γö£ ╞Æ /api/lots
Γö£ ╞Æ /api/lots/[id]
Γö£ ╞Æ /api/lots/[id]/payments
Γö£ ╞Æ /api/phones
Γö£ ╞Æ /api/phones/[id]
Γö£ ╞Æ /api/phones/add-single
Γö£ ╞Æ /api/reports
Γö£ ╞Æ /api/sales
Γö£ ╞Æ /api/sales/[id]/payments
Γö£ ╞Æ /api/shops
Γö£ ╞Æ /api/shops/[id]
Γö£ ╞Æ /api/shops/[id]/payments
Γö£ ╞Æ /api/suppliers
Γö£ ╞Æ /api/suppliers/[id]
Γö£ ╞Æ /api/suppliers/[id]/payments
Γö£ ╞Æ /api/users
Γö£ ╞Æ /api/users/[id]
Γö£ ╞Æ /inventory
Γö£ ╞Æ /inventory/[id]
Γö£ Γùï /login
Γö£ ╞Æ /lots
Γö£ ╞Æ /lots/[id]
Γö£ ╞Æ /lots/new
Γö£ ╞Æ /reports
Γö£ ╞Æ /sales
Γö£ ╞Æ /settings
Γö£ ╞Æ /shops
Γö£ ╞Æ /shops/[id]
Γö£ ╞Æ /suppliers
Γöö ╞Æ /suppliers/[id]


╞Æ Proxy (Middleware)

Γùï  (Static)   prerendered as static content
╞Æ  (Dynamic)  server-rendered on demand

